AREA .  .ABS.
	RADIX HEX
	BASE 0000
	SIZE 0000
	ATTRIB ABS OVR
	GLOBALS
		l__HEAP	0000
		l__BSEG	0000
		l_.  .ABS.	0000
		l__GSFINAL	0000
		l__ISEG	0000
		s_.  .ABS.	0000
		l__HOME	0000
		s__HEADER	0000
		l__XSEG	0000
		.init	0000
		l__OVERLAY	0000
		s__SFR	0000
		l__GSINITTAIL	0001
		l__BSS	008D
		l__HEADER	01EF
		s__CODE	0200
		l__DATA	0370
		l__LIT	0B5A
		l__GSINIT	14A0
		l__CODE	1A85
		s__HOME	1C85
		s__LIT	1C85
		s__GSINIT	27DF
		s__GSINITTAIL	3C7F
		s__GSFINAL	3C80
		.OAM	C000
		s__DATA	C0A0
		s__BSS	C410
		s__HEAP	C49D
		s__BSEG	C49D
		s__ISEG	C49D
		s__XSEG	C49D
		s__OVERLAY	C49D
		.STACK	E000
		.refresh_OAM	FF80
		l__SFR	10000
AREA _CODE
	RADIX HEX
	BASE 0200
	SIZE 1A85
	ATTRIB REL CON
	GLOBALS
		.set_mode	0200
		.remove_VBL	0210
		.remove_LCD	0216
		.remove_TIM	021C
		.remove_SIO	0222
		.remove_JOY	0228
		.add_VBL	022E
		.add_LCD	0234
		.add_TIM	023A
		.add_SIO	0240
		.add_JOY	0246
		.remove_int	024C
		.add_int	026C
		.wait_vbl_done	0288
		_wait_vbl_done	0288
		_display_off	0299
		.display_off	0299
		.serial_IO	02BA
		_mode	02E9
		_get_mode	02F2
		_enable_interrupts	02F7
		_disable_interrupts	02F9
		_reset	02FB
		.reset	02FB
		_set_interrupts	0301
		_remove_VBL	030C
		_remove_LCD	0317
		_remove_TIM	0322
		_remove_SIO	032D
		_remove_JOY	0338
		_add_VBL	0343
		_add_LCD	034E
		_add_TIM	0359
		_add_SIO	0364
		_add_JOY	036F
		_clock	037A
		__printTStates	0383
		_main	0384
		_set_bkg_palette	0480
		_set_sprite_palette	04AB
		_set_bkg_palette_entry	04D6
		_set_sprite_palette_entry	04FE
		_cpu_slow	0526
		_cpu_fast	0541
		_cgb_compatibility	0548
		.set_sprite_prop	0591
		_set_sprite_prop	059E
		_scroll_bkg	05A9
		_move_win	05BF
		.padup	05C8
		_waitpadup	05C8
		.jpad	05D8
		.wait_pad	0605
		_joypad	060C
		_waitpad	0611
		.mv_sprite	061B
		_move_sprite	062A
		_get_win_tiles	0637
		_get_win_data	064B
		_get_bkg_data	064B
		_get_sprite_data	0698
		_set_win_data	06C8
		_set_bkg_data	06C8
		_set_sprite_data	0715
		.tmode_inout	0744
		_getchar	09FA
		_gets	0A0B
		_send_byte	0A22
		_receive_byte	0A35
		font_copy_uncompressed	0A46
		font_copy_compressed	0A7C
		font_load	0AD1
		font_copy_current	0B19
		font_set	0B61
		.put_char	0B6E
		.out_char	0B87
		.del_char	0B8E
		_putchar	0BE8
		_setchar	0BEF
		_font_load	0BF8
		_font_set	0C06
		_font_init	0C15
		_print_repeat	0C37
		_gotoxy	0C4E
		_cls	0C59
		.cls	0C59
		_posx	0C74
		_posy	0C85
		.cr_curs	0CAD
		.adv_curs	0CC2
		.tmode	0D1E
		.tmode_out	0D47
		.copy_vram	0D57
		_get_data	0D66
		_set_data	0D66
		_set_win_tiles	0D79
		_scroll_win	0D8D
		.get_xy_wtt	0DA3
		.get_xy_btt	0DB5
		.get_xy_tt	0DC4
		_get_tiles	0DF5
		.gmode	0E0E
		.vbl	0E70
		.lcd	0E7B
		.draw_image	0E88
		.switch_data	0E92
		.adv_gcurs	0EC9
		.circle	0EE6
		.horlin	0F89
		.verlin	0FC1
		.circplot	101D
		.box	109B
		.line	1171
		.xonly	1292
		.yonly	13E1
		.plot	1402
		.wrbyte	141F
		.getpix	14A1
		.wrtchr	14D6
		_gotogxy	153A
		_wrtchr	1545
		_getpix	155A
		_color	1566
		_circle	1575
		_box	158F
		_line	15B3
		_plot_point	15CB
		_plot	15DF
		_switch_data	15FB
		_draw_image	1616
		.get_sprite_tile	1629
		_get_sprite_tile	1636
		.scroll_sprite	163F
		_scroll_sprite	1650
		_printf	189B
		_sprintf	1908
		_move_bkg	1960
		_puts	1969
		.set_xy_wtt	199F
		.set_xy_btt	19B0
		.set_xy_tt	19BF
		_set_tiles	19F0
		.set_sprite_tile	1A09
		_set_sprite_tile	1A16
		.delay	1A21
		_delay	1A5B
		_get_bkg_tiles	1A64
		.get_sprite_prop	1A78
		_get_sprite_prop	1A85
		.init_vram	1A8E
		.init_wtt	1A9C
		.init_btt	1AAC
		.init_tt	1ABA
		.sgb_check	1AC0
		_sgb_check	1AC0
		.sgb_transfer	1B0D
		.hiramcpy	1B6E
		_hiramcpy	1B75
		__divschar	1B85
		__modschar	1B91
		__divsint	1B9C
		__modsint	1BAD
		__divuchar	1BBC
		__moduchar	1BC8
		__divuint	1BD3
		__moduint	1BE4
		.mod8	1BF3
		.div8	1BF3
		.mod16	1BFB
		.div16	1BFB
		.modu8	1C31
		.divu8	1C31
		.modu16	1C34
		.divu16	1C34
		_set_bkg_tiles	1C71
AREA _HEADER
	RADIX HEX
	BASE 0000
	SIZE 01EF
	ATTRIB ABS OVR
	GLOBALS
		_exit	01D1
AREA _HOME
	RADIX HEX
	BASE 1C85
	SIZE 0000
	ATTRIB REL CON
AREA _LIT
	RADIX HEX
	BASE 1C85
	SIZE 0B5A
	ATTRIB REL CON
	GLOBALS
		_font_ibm_fixed	1DBD
		_font_ibm_fixed_tiles	1EBF
		.y_table	26BF
AREA _GSINIT
	RADIX HEX
	BASE 27DF
	SIZE 14A0
	ATTRIB REL CON
	GLOBALS
		gsinit	27DF
AREA _GSINITTAIL
	RADIX HEX
	BASE 3C7F
	SIZE 0001
	ATTRIB REL CON
AREA _GSFINAL
	RADIX HEX
	BASE 3C80
	SIZE 0000
	ATTRIB REL CON
AREA _DATA
	RADIX HEX
	BASE C0A0
	SIZE 0370
	ATTRIB REL CON
	GLOBALS
		_bgmap	C0A0
		_bgtiles	C370
		_Smiles	C3F0
AREA _BSS
	RADIX HEX
	BASE C410
	SIZE 008D
	ATTRIB REL CON
	GLOBALS
		__cpu	C410
		.mode	C411
		__io_out	C412
		__io_in	C413
		__io_status	C414
		.vbl_done	C415
		_sys_time	C416
		.sys_time	C416
		.int_0x40	C418
		.int_0x48	C428
		.int_0x50	C438
		.int_0x58	C448
		.int_0x60	C458
		font_current	C46F
		font_first_free_tile	C472
		font_table	C473
		.curx	C485
		.cury	C486
		.fg_colour	C487
		.bg_colour	C488
AREA _HEAP
	RADIX HEX
	BASE C49D
	SIZE 0000
	ATTRIB REL CON
	GLOBALS
		_malloc_heap_start	C49D
AREA _OVERLAY
	RADIX HEX
	BASE C49D
	SIZE 0000
	ATTRIB REL CON
AREA _ISEG
	RADIX HEX
	BASE C49D
	SIZE 0000
	ATTRIB REL CON
AREA _BSEG
	RADIX HEX
	BASE C49D
	SIZE 0000
	ATTRIB REL CON
AREA _XSEG
	RADIX HEX
	BASE C49D
	SIZE 0000
	ATTRIB REL CON
AREA _SFR
	RADIX HEX
	BASE 0000
	SIZE 10000
	ATTRIB ABS OVR
	GLOBALS
		_P1_REG	FF00
		_SB_REG	FF01
		_SC_REG	FF02
		_DIV_REG	FF04
		_TIMA_REG	FF05
		_TMA_REG	FF06
		_TAC_REG	FF07
		_IF_REG	FF0F
		_NR10_REG	FF10
		_NR11_REG	FF11
		_NR12_REG	FF12
		_NR13_REG	FF13
		_NR14_REG	FF14
		_NR21_REG	FF16
		_NR22_REG	FF17
		_NR23_REG	FF18
		_NR24_REG	FF19
		_NR30_REG	FF1A
		_NR31_REG	FF1B
		_NR32_REG	FF1C
		_NR33_REG	FF1D
		_NR34_REG	FF1E
		_NR41_REG	FF20
		_NR42_REG	FF21
		_NR43_REG	FF22
		_NR44_REG	FF23
		_NR50_REG	FF24
		_NR51_REG	FF25
		_NR52_REG	FF26
		_LCDC_REG	FF40
		_STAT_REG	FF41
		_SCY_REG	FF42
		_SCX_REG	FF43
		_LY_REG	FF44
		_LYC_REG	FF45
		_DMA_REG	FF46
		_BGP_REG	FF47
		_OBP0_REG	FF48
		_OBP1_REG	FF49
		_WY_REG	FF4A
		_WX_REG	FF4B
		_KEY1_REG	FF4D
		_VBK_REG	FF4F
		_HDMA1_REG	FF51
		_HDMA2_REG	FF52
		_HDMA3_REG	FF53
		_HDMA4_REG	FF54
		_HDMA5_REG	FF55
		_RP_REG	FF56
		_BCPS_REG	FF68
		_BCPD_REG	FF69
		_OCPS_REG	FF6A
		_OCPD_REG	FF6B
		_SVBK_REG	FF70
		_IE_REG	FFFF
MODULES
	FILE c:\gbdk\lib/gb/crt0.o
		NAME Runtime
	FILE main.o
		NAME lcc84120
LIBRARIES
	LIBRARY c:\gbdk\lib/gb/gb.lib
		MODULE cgb.o
	LIBRARY c:\gbdk\lib/gb/gb.lib
		MODULE sfr.o
	LIBRARY c:\gbdk\lib/gb/gb.lib
		MODULE set_prop.o
	LIBRARY c:\gbdk\lib/gb/gb.lib
		MODULE scroll_b.o
	LIBRARY c:\gbdk\lib/gb/gb.lib
		MODULE mv_win.o
	LIBRARY c:\gbdk\lib/gb/gb.lib
		MODULE pad.o
	LIBRARY c:\gbdk\lib/gb/gb.lib
		MODULE mv_spr.o
	LIBRARY c:\gbdk\lib/gb/gb.lib
		MODULE get_wi_t.o
	LIBRARY c:\gbdk\lib/gb/gb.lib
		MODULE get_data.o
	LIBRARY c:\gbdk\lib/gb/gb.lib
		MODULE set_data.o
	LIBRARY c:\gbdk\lib/gb/gb.lib
		MODULE input.o
	LIBRARY c:\gbdk\lib/gb/gb.lib
		MODULE serial.o
	LIBRARY c:\gbdk\lib/gb/gb.lib
		MODULE font.o
	LIBRARY c:\gbdk\lib/gb/gb.lib
		MODULE cpy_data.o
	LIBRARY c:\gbdk\lib/gb/gb.lib
		MODULE set_wi_t.o
	LIBRARY c:\gbdk\lib/gb/gb.lib
		MODULE scroll_w.o
	LIBRARY c:\gbdk\lib/gb/gb.lib
		MODULE ibmfixed.o
	LIBRARY c:\gbdk\lib/gb/gb.lib
		MODULE get_xy_t.o
	LIBRARY c:\gbdk\lib/gb/gb.lib
		MODULE drawing.o
	LIBRARY c:\gbdk\lib/gb/gb.lib
		MODULE get_spr.o
	LIBRARY c:\gbdk\lib/gb/gb.lib
		MODULE scroll_s.o
	LIBRARY c:\gbdk\lib/gbz80/gbz80.lib
		MODULE printf.o
	LIBRARY c:\gbdk\lib/gb/gb.lib
		MODULE mv_bkg.o
	LIBRARY c:\gbdk\lib/gbz80/gbz80.lib
		MODULE puts.o
	LIBRARY c:\gbdk\lib/gb/gb.lib
		MODULE set_xy_t.o
	LIBRARY c:\gbdk\lib/gb/gb.lib
		MODULE set_spr.o
	LIBRARY c:\gbdk\lib/gb/gb.lib
		MODULE delay.o
	LIBRARY c:\gbdk\lib/gb/gb.lib
		MODULE get_bk_t.o
	LIBRARY c:\gbdk\lib/gb/gb.lib
		MODULE get_prop.o
	LIBRARY c:\gbdk\lib/gb/gb.lib
		MODULE init_tt.o
	LIBRARY c:\gbdk\lib/gb/gb.lib
		MODULE sgb.o
	LIBRARY c:\gbdk\lib/gb/gb.lib
		MODULE hiramcpy.o
	LIBRARY c:\gbdk\lib/gbz80/gbz80.lib
		MODULE div.o
	LIBRARY c:\gbdk\lib/gb/gb.lib
		MODULE set_bk_t.o
USERBASEDEF
	_CODE=0x0200
	_DATA=0xC0A0
	_CODE_1=0x4000
USERGLOBALDEF
	.OAM=0xC000
	.STACK=0xE000
	.refresh_OAM=0xFF80
	.init=0x0000
