AREA .  .ABS.
	RADIX HEX
	BASE 0000
	SIZE 0000
	ATTRIB ABS OVR
	GLOBALS
		l__HEAP	0000
		l__BSEG	0000
		l_.  .ABS.	0000
		l__GSFINAL	0000
		l__ISEG	0000
		s_.  .ABS.	0000
		l__HOME	0000
		s__HEADER	0000
		l__XSEG	0000
		.init	0000
		l__OVERLAY	0000
		s__SFR	0000
		l__GSINITTAIL	0001
		l__DATA	0020
		l__BSS	008D
		l__GSINIT	00C0
		l__HEADER	01EF
		s__CODE	0200
		l__LIT	0B5A
		l__CODE	1A39
		s__HOME	1C39
		s__LIT	1C39
		s__GSINIT	2793
		s__GSINITTAIL	2853
		s__GSFINAL	2854
		.OAM	C000
		s__DATA	C0A0
		s__BSS	C0C0
		s__HEAP	C14D
		s__BSEG	C14D
		s__ISEG	C14D
		s__XSEG	C14D
		s__OVERLAY	C14D
		.STACK	E000
		.refresh_OAM	FF80
		l__SFR	10000
AREA _CODE
	RADIX HEX
	BASE 0200
	SIZE 1A39
	ATTRIB REL CON
	GLOBALS
		.set_mode	0200
		.remove_VBL	0210
		.remove_LCD	0216
		.remove_TIM	021C
		.remove_SIO	0222
		.remove_JOY	0228
		.add_VBL	022E
		.add_LCD	0234
		.add_TIM	023A
		.add_SIO	0240
		.add_JOY	0246
		.remove_int	024C
		.add_int	026C
		.wait_vbl_done	0288
		_wait_vbl_done	0288
		_display_off	0299
		.display_off	0299
		.serial_IO	02BA
		_mode	02E9
		_get_mode	02F2
		_enable_interrupts	02F7
		_disable_interrupts	02F9
		_reset	02FB
		.reset	02FB
		_set_interrupts	0301
		_remove_VBL	030C
		_remove_LCD	0317
		_remove_TIM	0322
		_remove_SIO	032D
		_remove_JOY	0338
		_add_VBL	0343
		_add_LCD	034E
		_add_TIM	0359
		_add_SIO	0364
		_add_JOY	036F
		_clock	037A
		__printTStates	0383
		_main	0384
		_set_bkg_palette	0434
		_set_sprite_palette	045F
		_set_bkg_palette_entry	048A
		_set_sprite_palette_entry	04B2
		_cpu_slow	04DA
		_cpu_fast	04F5
		_cgb_compatibility	04FC
		.set_sprite_prop	0545
		_set_sprite_prop	0552
		_scroll_bkg	055D
		_move_win	0573
		.padup	057C
		_waitpadup	057C
		.jpad	058C
		.wait_pad	05B9
		_joypad	05C0
		_waitpad	05C5
		.mv_sprite	05CF
		_move_sprite	05DE
		_get_win_tiles	05EB
		_get_win_data	05FF
		_get_bkg_data	05FF
		_get_sprite_data	064C
		_set_win_data	067C
		_set_bkg_data	067C
		_set_sprite_data	06C9
		.tmode_inout	06F8
		_getchar	09AE
		_gets	09BF
		_send_byte	09D6
		_receive_byte	09E9
		font_copy_uncompressed	09FA
		font_copy_compressed	0A30
		font_load	0A85
		font_copy_current	0ACD
		font_set	0B15
		.put_char	0B22
		.out_char	0B3B
		.del_char	0B42
		_putchar	0B9C
		_setchar	0BA3
		_font_load	0BAC
		_font_set	0BBA
		_font_init	0BC9
		_print_repeat	0BEB
		_gotoxy	0C02
		_cls	0C0D
		.cls	0C0D
		_posx	0C28
		_posy	0C39
		.cr_curs	0C61
		.adv_curs	0C76
		.tmode	0CD2
		.tmode_out	0CFB
		.copy_vram	0D0B
		_get_data	0D1A
		_set_data	0D1A
		_set_win_tiles	0D2D
		_scroll_win	0D41
		.get_xy_wtt	0D57
		.get_xy_btt	0D69
		.get_xy_tt	0D78
		_get_tiles	0DA9
		.gmode	0DC2
		.vbl	0E24
		.lcd	0E2F
		.draw_image	0E3C
		.switch_data	0E46
		.adv_gcurs	0E7D
		.circle	0E9A
		.horlin	0F3D
		.verlin	0F75
		.circplot	0FD1
		.box	104F
		.line	1125
		.xonly	1246
		.yonly	1395
		.plot	13B6
		.wrbyte	13D3
		.getpix	1455
		.wrtchr	148A
		_gotogxy	14EE
		_wrtchr	14F9
		_getpix	150E
		_color	151A
		_circle	1529
		_box	1543
		_line	1567
		_plot_point	157F
		_plot	1593
		_switch_data	15AF
		_draw_image	15CA
		.get_sprite_tile	15DD
		_get_sprite_tile	15EA
		.scroll_sprite	15F3
		_scroll_sprite	1604
		_printf	184F
		_sprintf	18BC
		_move_bkg	1914
		_puts	191D
		.set_xy_wtt	1953
		.set_xy_btt	1964
		.set_xy_tt	1973
		_set_tiles	19A4
		.set_sprite_tile	19BD
		_set_sprite_tile	19CA
		.delay	19D5
		_delay	1A0F
		_get_bkg_tiles	1A18
		.get_sprite_prop	1A2C
		_get_sprite_prop	1A39
		.init_vram	1A42
		.init_wtt	1A50
		.init_btt	1A60
		.init_tt	1A6E
		.sgb_check	1A74
		_sgb_check	1A74
		.sgb_transfer	1AC1
		.hiramcpy	1B22
		_hiramcpy	1B29
		__divschar	1B39
		__modschar	1B45
		__divsint	1B50
		__modsint	1B61
		__divuchar	1B70
		__moduchar	1B7C
		__divuint	1B87
		__moduint	1B98
		.mod8	1BA7
		.div8	1BA7
		.mod16	1BAF
		.div16	1BAF
		.modu8	1BE5
		.divu8	1BE5
		.modu16	1BE8
		.divu16	1BE8
		_set_bkg_tiles	1C25
AREA _HEADER
	RADIX HEX
	BASE 0000
	SIZE 01EF
	ATTRIB ABS OVR
	GLOBALS
		_exit	01D1
AREA _HOME
	RADIX HEX
	BASE 1C39
	SIZE 0000
	ATTRIB REL CON
AREA _LIT
	RADIX HEX
	BASE 1C39
	SIZE 0B5A
	ATTRIB REL CON
	GLOBALS
		_font_ibm_fixed	1D71
		_font_ibm_fixed_tiles	1E73
		.y_table	2673
AREA _GSINIT
	RADIX HEX
	BASE 2793
	SIZE 00C0
	ATTRIB REL CON
	GLOBALS
		gsinit	2793
AREA _GSINITTAIL
	RADIX HEX
	BASE 2853
	SIZE 0001
	ATTRIB REL CON
AREA _GSFINAL
	RADIX HEX
	BASE 2854
	SIZE 0000
	ATTRIB REL CON
AREA _DATA
	RADIX HEX
	BASE C0A0
	SIZE 0020
	ATTRIB REL CON
	GLOBALS
		_Smiles	C0A0
AREA _BSS
	RADIX HEX
	BASE C0C0
	SIZE 008D
	ATTRIB REL CON
	GLOBALS
		__cpu	C0C0
		.mode	C0C1
		__io_out	C0C2
		__io_in	C0C3
		__io_status	C0C4
		.vbl_done	C0C5
		_sys_time	C0C6
		.sys_time	C0C6
		.int_0x40	C0C8
		.int_0x48	C0D8
		.int_0x50	C0E8
		.int_0x58	C0F8
		.int_0x60	C108
		font_current	C11F
		font_first_free_tile	C122
		font_table	C123
		.curx	C135
		.cury	C136
		.fg_colour	C137
		.bg_colour	C138
AREA _HEAP
	RADIX HEX
	BASE C14D
	SIZE 0000
	ATTRIB REL CON
	GLOBALS
		_malloc_heap_start	C14D
AREA _OVERLAY
	RADIX HEX
	BASE C14D
	SIZE 0000
	ATTRIB REL CON
AREA _ISEG
	RADIX HEX
	BASE C14D
	SIZE 0000
	ATTRIB REL CON
AREA _BSEG
	RADIX HEX
	BASE C14D
	SIZE 0000
	ATTRIB REL CON
AREA _XSEG
	RADIX HEX
	BASE C14D
	SIZE 0000
	ATTRIB REL CON
AREA _SFR
	RADIX HEX
	BASE 0000
	SIZE 10000
	ATTRIB ABS OVR
	GLOBALS
		_P1_REG	FF00
		_SB_REG	FF01
		_SC_REG	FF02
		_DIV_REG	FF04
		_TIMA_REG	FF05
		_TMA_REG	FF06
		_TAC_REG	FF07
		_IF_REG	FF0F
		_NR10_REG	FF10
		_NR11_REG	FF11
		_NR12_REG	FF12
		_NR13_REG	FF13
		_NR14_REG	FF14
		_NR21_REG	FF16
		_NR22_REG	FF17
		_NR23_REG	FF18
		_NR24_REG	FF19
		_NR30_REG	FF1A
		_NR31_REG	FF1B
		_NR32_REG	FF1C
		_NR33_REG	FF1D
		_NR34_REG	FF1E
		_NR41_REG	FF20
		_NR42_REG	FF21
		_NR43_REG	FF22
		_NR44_REG	FF23
		_NR50_REG	FF24
		_NR51_REG	FF25
		_NR52_REG	FF26
		_LCDC_REG	FF40
		_STAT_REG	FF41
		_SCY_REG	FF42
		_SCX_REG	FF43
		_LY_REG	FF44
		_LYC_REG	FF45
		_DMA_REG	FF46
		_BGP_REG	FF47
		_OBP0_REG	FF48
		_OBP1_REG	FF49
		_WY_REG	FF4A
		_WX_REG	FF4B
		_KEY1_REG	FF4D
		_VBK_REG	FF4F
		_HDMA1_REG	FF51
		_HDMA2_REG	FF52
		_HDMA3_REG	FF53
		_HDMA4_REG	FF54
		_HDMA5_REG	FF55
		_RP_REG	FF56
		_BCPS_REG	FF68
		_BCPD_REG	FF69
		_OCPS_REG	FF6A
		_OCPD_REG	FF6B
		_SVBK_REG	FF70
		_IE_REG	FFFF
MODULES
	FILE c:\gbdk\lib/gb/crt0.o
		NAME Runtime
	FILE main.o
		NAME lcc154480
LIBRARIES
	LIBRARY c:\gbdk\lib/gb/gb.lib
		MODULE cgb.o
	LIBRARY c:\gbdk\lib/gb/gb.lib
		MODULE sfr.o
	LIBRARY c:\gbdk\lib/gb/gb.lib
		MODULE set_prop.o
	LIBRARY c:\gbdk\lib/gb/gb.lib
		MODULE scroll_b.o
	LIBRARY c:\gbdk\lib/gb/gb.lib
		MODULE mv_win.o
	LIBRARY c:\gbdk\lib/gb/gb.lib
		MODULE pad.o
	LIBRARY c:\gbdk\lib/gb/gb.lib
		MODULE mv_spr.o
	LIBRARY c:\gbdk\lib/gb/gb.lib
		MODULE get_wi_t.o
	LIBRARY c:\gbdk\lib/gb/gb.lib
		MODULE get_data.o
	LIBRARY c:\gbdk\lib/gb/gb.lib
		MODULE set_data.o
	LIBRARY c:\gbdk\lib/gb/gb.lib
		MODULE input.o
	LIBRARY c:\gbdk\lib/gb/gb.lib
		MODULE serial.o
	LIBRARY c:\gbdk\lib/gb/gb.lib
		MODULE font.o
	LIBRARY c:\gbdk\lib/gb/gb.lib
		MODULE cpy_data.o
	LIBRARY c:\gbdk\lib/gb/gb.lib
		MODULE set_wi_t.o
	LIBRARY c:\gbdk\lib/gb/gb.lib
		MODULE scroll_w.o
	LIBRARY c:\gbdk\lib/gb/gb.lib
		MODULE ibmfixed.o
	LIBRARY c:\gbdk\lib/gb/gb.lib
		MODULE get_xy_t.o
	LIBRARY c:\gbdk\lib/gb/gb.lib
		MODULE drawing.o
	LIBRARY c:\gbdk\lib/gb/gb.lib
		MODULE get_spr.o
	LIBRARY c:\gbdk\lib/gb/gb.lib
		MODULE scroll_s.o
	LIBRARY c:\gbdk\lib/gbz80/gbz80.lib
		MODULE printf.o
	LIBRARY c:\gbdk\lib/gb/gb.lib
		MODULE mv_bkg.o
	LIBRARY c:\gbdk\lib/gbz80/gbz80.lib
		MODULE puts.o
	LIBRARY c:\gbdk\lib/gb/gb.lib
		MODULE set_xy_t.o
	LIBRARY c:\gbdk\lib/gb/gb.lib
		MODULE set_spr.o
	LIBRARY c:\gbdk\lib/gb/gb.lib
		MODULE delay.o
	LIBRARY c:\gbdk\lib/gb/gb.lib
		MODULE get_bk_t.o
	LIBRARY c:\gbdk\lib/gb/gb.lib
		MODULE get_prop.o
	LIBRARY c:\gbdk\lib/gb/gb.lib
		MODULE init_tt.o
	LIBRARY c:\gbdk\lib/gb/gb.lib
		MODULE sgb.o
	LIBRARY c:\gbdk\lib/gb/gb.lib
		MODULE hiramcpy.o
	LIBRARY c:\gbdk\lib/gbz80/gbz80.lib
		MODULE div.o
	LIBRARY c:\gbdk\lib/gb/gb.lib
		MODULE set_bk_t.o
USERBASEDEF
	_CODE=0x0200
	_DATA=0xC0A0
	_CODE_1=0x4000
USERGLOBALDEF
	.OAM=0xC000
	.STACK=0xE000
	.refresh_OAM=0xFF80
	.init=0x0000
